◇ injected env (15) from shared-api/.env // tip: ⌘ enable debugging { debug: true }
✅ [성공] 2026. 5. 17. PM 6:00:03 — https://aichat.dbzone.kr (HTTP 200)
📸 스크린샷: /home/paks11299958/ai_mp/site_status.png
📧 성공 이메일 발송 → paks11299958@gmail.com
◇ injected env (15) from shared-api/.env // tip: ◈ encrypted .env [www.dotenvx.com]
✅ [성공] 2026. 5. 17. PM 9:00:04 — https://aichat.dbzone.kr (HTTP 200)
📸 스크린샷: /home/paks11299958/ai_mp/site_status.png
📧 성공 이메일 발송 → paks11299958@gmail.com
◇ injected env (19) from shared-api/.env // tip: ⌘ suppress logs { quiet: true }
✅ [사이트] https://aichat.dbzone.kr — HTTP 200
❌ [로그인] locator.click: Timeout 30000ms exceeded.
Call log:
  - waiting for getByRole('button', { name: '로그인' }).first()
    - locator resolved to <button class="text-gray-400 hover:text-white text-sm font-medium transition-colors">로그인</button>
  - attempting click action
    2 × waiting for element to be visible, enabled and stable
      - element is visible, enabled and stable
      - scrolling into view if needed
      - done scrolling
      - <div class="fixed inset-0 z-50 flex justify-center px-4 transition-all duration-300 items-start pt-16">…</div> intercepts pointer events
    - retrying click action
    - waiting 20ms
    2 × waiting for element to be visible, enabled and stable
      - element is visible, enabled and stable
      - scrolling into view if needed
      - done scrolling
      - <div class="fixed inset-0 z-50 flex justify-center px-4 transition-all duration-300 items-start pt-16">…</div> intercepts pointer events
    - retrying click action
      - waiting 100ms
    52 × waiting for element to be visible, enabled and stable
       - element is visible, enabled and stable
       - scrolling into view if needed
       - done scrolling
       - <div class="fixed inset-0 z-50 flex justify-center px-4 transition-all duration-300 items-start pt-16">…</div> intercepts pointer events
     - retrying click action
       - waiting 500ms

📸 스크린샷: /home/paks11299958/ai_mp/site_status.png
📧 이메일 발송 → paks11299958@gmail.com
◇ injected env (19) from shared-api/.env // tip: ⌘ override existing { override: true }
✅ [사이트] https://aichat.dbzone.kr — HTTP 200
❌ [로그인] locator.click: Timeout 30000ms exceeded.
Call log:
  - waiting for getByRole('button', { name: '로그인' }).first()
    - locator resolved to <button class="text-gray-400 hover:text-white text-sm font-medium transition-colors">로그인</button>
  - attempting click action
    2 × waiting for element to be visible, enabled and stable
      - element is visible, enabled and stable
      - scrolling into view if needed
      - done scrolling
      - <div class="fixed inset-0 z-50 flex justify-center px-4 transition-all duration-300 items-start pt-16">…</div> intercepts pointer events
    - retrying click action
    - waiting 20ms
    2 × waiting for element to be visible, enabled and stable
      - element is visible, enabled and stable
      - scrolling into view if needed
      - done scrolling
      - <div class="fixed inset-0 z-50 flex justify-center px-4 transition-all duration-300 items-start pt-16">…</div> intercepts pointer events
    - retrying click action
      - waiting 100ms
    51 × waiting for element to be visible, enabled and stable
       - element is visible, enabled and stable
       - scrolling into view if needed
       - done scrolling
       - <div class="fixed inset-0 z-50 flex justify-center px-4 transition-all duration-300 items-start pt-16">…</div> intercepts pointer events
     - retrying click action
       - waiting 500ms

📸 스크린샷: /home/paks11299958/ai_mp/site_status.png
📧 이메일 발송 → paks11299958@gmail.com
◇ injected env (19) from shared-api/.env // tip: ⌘ custom filepath { path: '/custom/path/.env' }
✅ [사이트] https://aichat.dbzone.kr — HTTP 200
❌ [로그인] locator.click: Timeout 30000ms exceeded.
Call log:
  - waiting for getByRole('button', { name: '로그인' }).first()
    - locator resolved to <button class="text-gray-400 hover:text-white text-sm font-medium transition-colors">로그인</button>
  - attempting click action
    2 × waiting for element to be visible, enabled and stable
      - element is visible, enabled and stable
      - scrolling into view if needed
      - done scrolling
      - <div class="fixed inset-0 z-50 flex justify-center px-4 transition-all duration-300 items-start pt-16">…</div> intercepts pointer events
    - retrying click action
    - waiting 20ms
    2 × waiting for element to be visible, enabled and stable
      - element is visible, enabled and stable
      - scrolling into view if needed
      - done scrolling
      - <div class="fixed inset-0 z-50 flex justify-center px-4 transition-all duration-300 items-start pt-16">…</div> intercepts pointer events
    - retrying click action
      - waiting 100ms
    54 × waiting for element to be visible, enabled and stable
       - element is visible, enabled and stable
       - scrolling into view if needed
       - done scrolling
       - <div class="fixed inset-0 z-50 flex justify-center px-4 transition-all duration-300 items-start pt-16">…</div> intercepts pointer events
     - retrying click action
       - waiting 500ms

📸 스크린샷: /home/paks11299958/ai_mp/site_status.png
📧 이메일 발송 → paks11299958@gmail.com
◇ injected env (19) from shared-api/.env // tip: ◈ secrets for agents [www.dotenvx.com]
✅ [사이트] https://aichat.dbzone.kr — HTTP 200
❌ [로그인] locator.click: Timeout 30000ms exceeded.
Call log:
  - waiting for getByRole('button', { name: '로그인' }).first()
    - locator resolved to <button class="text-gray-400 hover:text-white text-sm font-medium transition-colors">로그인</button>
  - attempting click action
    2 × waiting for element to be visible, enabled and stable
      - element is visible, enabled and stable
      - scrolling into view if needed
      - done scrolling
      - <div class="fixed inset-0 z-50 flex justify-center px-4 transition-all duration-300 items-start pt-16">…</div> intercepts pointer events
    - retrying click action
    - waiting 20ms
    2 × waiting for element to be visible, enabled and stable
      - element is visible, enabled and stable
      - scrolling into view if needed
      - done scrolling
      - <div class="fixed inset-0 z-50 flex justify-center px-4 transition-all duration-300 items-start pt-16">…</div> intercepts pointer events
    - retrying click action
      - waiting 100ms
    53 × waiting for element to be visible, enabled and stable
       - element is visible, enabled and stable
       - scrolling into view if needed
       - done scrolling
       - <div class="fixed inset-0 z-50 flex justify-center px-4 transition-all duration-300 items-start pt-16">…</div> intercepts pointer events
     - retrying click action
       - waiting 500ms

📸 스크린샷: /home/paks11299958/ai_mp/site_status.png
📧 이메일 발송 → paks11299958@gmail.com
◇ injected env (19) from shared-api/.env // tip: ⌘ suppress logs { quiet: true }
✅ [사이트] https://aichat.dbzone.kr — HTTP 200
❌ [로그인] locator.click: Timeout 30000ms exceeded.
Call log:
  - waiting for getByRole('button', { name: '로그인' }).first()
    - locator resolved to <button class="text-gray-400 hover:text-white text-sm font-medium transition-colors">로그인</button>
  - attempting click action
    2 × waiting for element to be visible, enabled and stable
      - element is visible, enabled and stable
      - scrolling into view if needed
      - done scrolling
      - <div class="fixed inset-0 z-50 flex justify-center px-4 transition-all duration-300 items-start pt-16">…</div> intercepts pointer events
    - retrying click action
    - waiting 20ms
    2 × waiting for element to be visible, enabled and stable
      - element is visible, enabled and stable
      - scrolling into view if needed
      - done scrolling
      - <div class="fixed inset-0 z-50 flex justify-center px-4 transition-all duration-300 items-start pt-16">…</div> intercepts pointer events
    - retrying click action
      - waiting 100ms
    53 × waiting for element to be visible, enabled and stable
       - element is visible, enabled and stable
       - scrolling into view if needed
       - done scrolling
       - <div class="fixed inset-0 z-50 flex justify-center px-4 transition-all duration-300 items-start pt-16">…</div> intercepts pointer events
     - retrying click action
       - waiting 500ms

📸 스크린샷: /home/paks11299958/ai_mp/site_status.png
📧 이메일 발송 → paks11299958@gmail.com
◇ injected env (19) from shared-api/.env // tip: ⌘ suppress logs { quiet: true }
✅ [사이트] https://aichat.dbzone.kr — HTTP 200
❌ [로그인] locator.click: Timeout 30000ms exceeded.
Call log:
  - waiting for getByRole('button', { name: '로그인' }).first()
    - locator resolved to <button class="text-gray-400 hover:text-white text-sm font-medium transition-colors">로그인</button>
  - attempting click action
    2 × waiting for element to be visible, enabled and stable
      - element is visible, enabled and stable
      - scrolling into view if needed
      - done scrolling
      - <div class="fixed inset-0 z-50 flex justify-center px-4 transition-all duration-300 items-start pt-16">…</div> intercepts pointer events
    - retrying click action
    - waiting 20ms
    2 × waiting for element to be visible, enabled and stable
      - element is visible, enabled and stable
      - scrolling into view if needed
      - done scrolling
      - <div class="fixed inset-0 z-50 flex justify-center px-4 transition-all duration-300 items-start pt-16">…</div> intercepts pointer events
    - retrying click action
      - waiting 100ms
    45 × waiting for element to be visible, enabled and stable
       - element is visible, enabled and stable
       - scrolling into view if needed
       - done scrolling
       - <div class="fixed inset-0 z-50 flex justify-center px-4 transition-all duration-300 items-start pt-16">…</div> intercepts pointer events
     - retrying click action
       - waiting 500ms

📸 스크린샷: /home/paks11299958/ai_mp/site_status.png
📧 이메일 발송 → paks11299958@gmail.com
◇ injected env (19) from shared-api/.env // tip: ⌁ auth for agents [www.vestauth.com]
✅ [사이트] https://aichat.dbzone.kr — HTTP 200
❌ [로그인] locator.click: Timeout 30000ms exceeded.
Call log:
  - waiting for getByRole('button', { name: '로그인' }).first()
    - locator resolved to <button class="text-gray-400 hover:text-white text-sm font-medium transition-colors">로그인</button>
  - attempting click action
    2 × waiting for element to be visible, enabled and stable
      - element is visible, enabled and stable
      - scrolling into view if needed
      - done scrolling
      - <div class="fixed inset-0 z-50 flex justify-center px-4 transition-all duration-300 items-start pt-16">…</div> intercepts pointer events
    - retrying click action
    - waiting 20ms
    2 × waiting for element to be visible, enabled and stable
      - element is visible, enabled and stable
      - scrolling into view if needed
      - done scrolling
      - <div class="fixed inset-0 z-50 flex justify-center px-4 transition-all duration-300 items-start pt-16">…</div> intercepts pointer events
    - retrying click action
      - waiting 100ms
    47 × waiting for element to be visible, enabled and stable
       - element is visible, enabled and stable
       - scrolling into view if needed
       - done scrolling
       - <div class="fixed inset-0 z-50 flex justify-center px-4 transition-all duration-300 items-start pt-16">…</div> intercepts pointer events
     - retrying click action
       - waiting 500ms

📸 스크린샷: /home/paks11299958/ai_mp/site_status.png
📧 이메일 발송 → paks11299958@gmail.com
◇ injected env (19) from shared-api/.env // tip: ⌘ override existing { override: true }
✅ [사이트] https://aichat.dbzone.kr — HTTP 200
❌ [로그인] locator.click: Timeout 30000ms exceeded.
Call log:
  - waiting for getByRole('button', { name: '로그인' }).first()
    - locator resolved to <button class="text-gray-400 hover:text-white text-sm font-medium transition-colors">로그인</button>
  - attempting click action
    2 × waiting for element to be visible, enabled and stable
      - element is visible, enabled and stable
      - scrolling into view if needed
      - done scrolling
      - <div class="fixed inset-0 z-50 flex justify-center px-4 transition-all duration-300 items-start pt-16">…</div> intercepts pointer events
    - retrying click action
    - waiting 20ms
    2 × waiting for element to be visible, enabled and stable
      - element is visible, enabled and stable
      - scrolling into view if needed
      - done scrolling
      - <div class="fixed inset-0 z-50 flex justify-center px-4 transition-all duration-300 items-start pt-16">…</div> intercepts pointer events
    - retrying click action
      - waiting 100ms
    53 × waiting for element to be visible, enabled and stable
       - element is visible, enabled and stable
       - scrolling into view if needed
       - done scrolling
       - <div class="fixed inset-0 z-50 flex justify-center px-4 transition-all duration-300 items-start pt-16">…</div> intercepts pointer events
     - retrying click action
       - waiting 500ms

📸 스크린샷: /home/paks11299958/ai_mp/site_status.png
📧 이메일 발송 → paks11299958@gmail.com
◇ injected env (24) from shared-api/.env // tip: ◈ secrets for agents [www.dotenvx.com]
✅ [사이트] https://aichat.dbzone.kr — HTTP 200
✅ [로그인] 성공 — 페르소나 목록 확인
📸 스크린샷: /home/paks11299958/ai_mp/site_status.png
📧 이메일 발송 → paks11299958@gmail.com
◇ injected env (24) from shared-api/.env // tip: ⌘ custom filepath { path: '/custom/path/.env' }
✅ [사이트] https://aichat.dbzone.kr — HTTP 200
✅ [로그인] 성공 — 페르소나 목록 확인
📸 스크린샷: /home/paks11299958/ai_mp/site_status.png
📧 이메일 발송 → paks11299958@gmail.com
◇ injected env (24) from shared-api/.env // tip: ◈ encrypted .env [www.dotenvx.com]
✅ [사이트] https://aichat.dbzone.kr — HTTP 200
✅ [로그인] 성공 — 페르소나 목록 확인
📸 스크린샷: /home/paks11299958/ai_mp/site_status.png
📧 이메일 발송 → paks11299958@gmail.com
◇ injected env (24) from shared-api/.env // tip: ◈ encrypted .env [www.dotenvx.com]
✅ [사이트] https://aichat.dbzone.kr — HTTP 200
✅ [로그인] 성공 — 페르소나 목록 확인
📸 스크린샷: /home/paks11299958/ai_mp/site_status.png
📧 이메일 발송 → paks11299958@gmail.com
◇ injected env (24) from shared-api/.env // tip: ⌘ custom filepath { path: '/custom/path/.env' }
✅ [사이트] https://aichat.dbzone.kr — HTTP 200
✅ [로그인] 성공 — 페르소나 목록 확인
📸 스크린샷: /home/paks11299958/ai_mp/site_status.png
📧 이메일 발송 → paks11299958@gmail.com
◇ injected env (24) from shared-api/.env // tip: ◈ encrypted .env [www.dotenvx.com]
✅ [사이트] https://aichat.dbzone.kr — HTTP 200
✅ [로그인] 성공 — 페르소나 목록 확인
📸 스크린샷: /home/paks11299958/ai_mp/site_status.png
📧 이메일 발송 → paks11299958@gmail.com
◇ injected env (24) from shared-api/.env // tip: ⌘ custom filepath { path: '/custom/path/.env' }
✅ [사이트] https://aichat.dbzone.kr — HTTP 200
✅ [로그인] 성공 — 페르소나 목록 확인
📸 스크린샷: /home/paks11299958/ai_mp/site_status.png
📧 이메일 발송 → paks11299958@gmail.com
◇ injected env (24) from shared-api/.env // tip: ⌘ enable debugging { debug: true }
✅ [사이트] https://aichat.dbzone.kr — HTTP 200
✅ [로그인] 성공 — 페르소나 목록 확인
📸 스크린샷: /home/paks11299958/ai_mp/site_status.png
📧 이메일 발송 → paks11299958@gmail.com
◇ injected env (24) from shared-api/.env // tip: ◈ secrets for agents [www.dotenvx.com]
✅ [사이트] https://aichat.dbzone.kr — HTTP 200
✅ [로그인] 성공 — 페르소나 목록 확인
📸 스크린샷: /home/paks11299958/ai_mp/site_status.png
📧 이메일 발송 → paks11299958@gmail.com
◇ injected env (25) from shared-api/.env // tip: ⌘ custom filepath { path: '/custom/path/.env' }
✅ [사이트] https://aichat.dbzone.kr — HTTP 200
✅ [로그인] 성공 — 페르소나 목록 확인
📸 스크린샷: /home/paks11299958/ai_mp/site_status.png
📧 이메일 발송 → paks11299958@gmail.com
◇ injected env (25) from shared-api/.env // tip: ⌘ override existing { override: true }
✅ [사이트] https://aichat.dbzone.kr — HTTP 200
✅ [로그인] 성공 — 페르소나 목록 확인
📸 스크린샷: /home/paks11299958/ai_mp/site_status.png
📧 이메일 발송 → paks11299958@gmail.com
◇ injected env (25) from shared-api/.env // tip: ⌘ override existing { override: true }
✅ [사이트] https://aichat.dbzone.kr — HTTP 200
✅ [로그인] 성공 — 페르소나 목록 확인
📸 스크린샷: /home/paks11299958/ai_mp/site_status.png
📧 이메일 발송 → paks11299958@gmail.com
◇ injected env (25) from shared-api/.env // tip: ◈ encrypted .env [www.dotenvx.com]
✅ [사이트] https://aichat.dbzone.kr — HTTP 200
✅ [로그인] 성공 — 페르소나 목록 확인
📸 스크린샷: /home/paks11299958/ai_mp/site_status.png
📧 이메일 발송 → paks11299958@gmail.com
◇ injected env (25) from shared-api/.env // tip: ⌘ override existing { override: true }
✅ [사이트] https://aichat.dbzone.kr — HTTP 200
✅ [로그인] 성공 — 페르소나 목록 확인
📸 스크린샷: /home/paks11299958/ai_mp/site_status.png
📧 이메일 발송 → paks11299958@gmail.com
◇ injected env (25) from shared-api/.env // tip: ⌁ auth for agents [www.vestauth.com]
✅ [사이트] https://aichat.dbzone.kr — HTTP 200
✅ [로그인] 성공 — 페르소나 목록 확인
📸 스크린샷: /home/paks11299958/ai_mp/site_status.png
📧 이메일 발송 → paks11299958@gmail.com
◇ injected env (25) from shared-api/.env // tip: ⌁ auth for agents [www.vestauth.com]
✅ [사이트] https://aichat.dbzone.kr — HTTP 200
✅ [로그인] 성공 — 페르소나 목록 확인
📸 스크린샷: /home/paks11299958/ai_mp/site_status.png
📧 이메일 발송 → paks11299958@gmail.com
◇ injected env (28) from shared-api/.env // tip: ⌘ override existing { override: true }
✅ [사이트] https://aichat.dbzone.kr — HTTP 200
✅ [로그인] 성공 — 페르소나 목록 확인
📸 스크린샷: /home/paks11299958/ai_mp/site_status.png
📧 이메일 발송 → paks11299958@gmail.com
◇ injected env (28) from shared-api/.env // tip: ⌘ multiple files { path: ['.env.local', '.env'] }
✅ [사이트] https://aichat.dbzone.kr — HTTP 200
✅ [로그인] 성공 — 페르소나 목록 확인
📸 스크린샷: /home/paks11299958/ai_mp/site_status.png
📧 이메일 발송 → paks11299958@gmail.com
◇ injected env (28) from shared-api/.env // tip: ⌘ enable debugging { debug: true }
✅ [사이트] https://aichat.dbzone.kr — HTTP 200
✅ [로그인] 성공 — 페르소나 목록 확인
📸 스크린샷: /home/paks11299958/ai_mp/site_status.png
📧 이메일 발송 → paks11299958@gmail.com
◇ injected env (28) from shared-api/.env // tip: ⌘ override existing { override: true }
✅ [사이트] https://aichat.dbzone.kr — HTTP 200
✅ [로그인] 성공 — 페르소나 목록 확인
📸 스크린샷: /home/paks11299958/ai_mp/site_status.png
📧 이메일 발송 → paks11299958@gmail.com
◇ injected env (28) from shared-api/.env // tip: ⌘ suppress logs { quiet: true }
✅ [사이트] https://aichat.dbzone.kr — HTTP 200
✅ [로그인] 성공 — 페르소나 목록 확인
📸 스크린샷: /home/paks11299958/ai_mp/site_status.png
📧 이메일 발송 → paks11299958@gmail.com
◇ injected env (28) from shared-api/.env // tip: ⌁ auth for agents [www.vestauth.com]
✅ [사이트] https://aichat.dbzone.kr — HTTP 200
✅ [로그인] 성공 — 페르소나 목록 확인
📸 스크린샷: /home/paks11299958/ai_mp/site_status.png
📧 이메일 발송 → paks11299958@gmail.com
◇ injected env (28) from shared-api/.env // tip: ⌘ enable debugging { debug: true }
✅ [사이트] https://aichat.dbzone.kr — HTTP 200
✅ [로그인] 성공 — 페르소나 목록 확인
📸 스크린샷: /home/paks11299958/ai_mp/site_status.png
📧 이메일 발송 → paks11299958@gmail.com
◇ injected env (28) from shared-api/.env // tip: ◈ encrypted .env [www.dotenvx.com]
✅ [사이트] https://aichat.dbzone.kr — HTTP 200
❌ [로그인] page.waitForSelector: Timeout 15000ms exceeded.
Call log:
  - waiting for locator('input[type="password"]') to be hidden
    33 × locator resolved to visible <input required="" type="password" value="temp1234!" placeholder="비밀번호" class="w-full bg-gray-800 border border-gray-700 rounded-xl px-4 py-3 text-white placeholder-gray-500 text-sm focus:outline-none focus:border-blue-500 focus:ring-1 focus:ring-blue-500 transition-colors"/>

📸 스크린샷: /home/paks11299958/ai_mp/site_status.png
📧 이메일 발송 → paks11299958@gmail.com
◇ injected env (28) from shared-api/.env // tip: ⌘ enable debugging { debug: true }
✅ [사이트] https://aichat.dbzone.kr — HTTP 200
❌ [로그인] page.waitForSelector: Timeout 15000ms exceeded.
Call log:
  - waiting for locator('input[type="password"]') to be hidden
    33 × locator resolved to visible <input required="" type="password" value="temp1234!" placeholder="비밀번호" class="w-full bg-gray-800 border border-gray-700 rounded-xl px-4 py-3 text-white placeholder-gray-500 text-sm focus:outline-none focus:border-blue-500 focus:ring-1 focus:ring-blue-500 transition-colors"/>

📸 스크린샷: /home/paks11299958/ai_mp/site_status.png
📧 이메일 발송 → paks11299958@gmail.com
◇ injected env (28) from shared-api/.env // tip: ◈ secrets for agents [www.dotenvx.com]
✅ [사이트] https://aichat.dbzone.kr — HTTP 200
❌ [로그인] page.waitForSelector: Timeout 15000ms exceeded.
Call log:
  - waiting for locator('input[type="password"]') to be hidden
    33 × locator resolved to visible <input required="" type="password" value="temp1234!" placeholder="비밀번호" class="w-full bg-gray-800 border border-gray-700 rounded-xl px-4 py-3 text-white placeholder-gray-500 text-sm focus:outline-none focus:border-blue-500 focus:ring-1 focus:ring-blue-500 transition-colors"/>

📸 스크린샷: /home/paks11299958/ai_mp/site_status.png
📧 이메일 발송 → paks11299958@gmail.com
◇ injected env (28) from shared-api/.env // tip: ⌘ multiple files { path: ['.env.local', '.env'] }
✅ [사이트] https://aichat.dbzone.kr — HTTP 200
❌ [로그인] page.waitForSelector: Timeout 15000ms exceeded.
Call log:
  - waiting for locator('input[type="password"]') to be hidden
    33 × locator resolved to visible <input required="" type="password" value="temp1234!" placeholder="비밀번호" class="w-full bg-gray-800 border border-gray-700 rounded-xl px-4 py-3 text-white placeholder-gray-500 text-sm focus:outline-none focus:border-blue-500 focus:ring-1 focus:ring-blue-500 transition-colors"/>

📸 스크린샷: /home/paks11299958/ai_mp/site_status.png
📧 이메일 발송 → paks11299958@gmail.com
◇ injected env (28) from shared-api/.env // tip: ⌘ multiple files { path: ['.env.local', '.env'] }
✅ [사이트] https://aichat.dbzone.kr — HTTP 200
❌ [로그인] page.waitForSelector: Timeout 15000ms exceeded.
Call log:
  - waiting for locator('input[type="password"]') to be hidden
    33 × locator resolved to visible <input required="" type="password" value="temp1234!" placeholder="비밀번호" class="w-full bg-gray-800 border border-gray-700 rounded-xl px-4 py-3 text-white placeholder-gray-500 text-sm focus:outline-none focus:border-blue-500 focus:ring-1 focus:ring-blue-500 transition-colors"/>

📸 스크린샷: /home/paks11299958/ai_mp/site_status.png
📧 이메일 발송 → paks11299958@gmail.com
◇ injected env (28) from shared-api/.env // tip: ⌁ auth for agents [www.vestauth.com]
✅ [사이트] https://aichat.dbzone.kr — HTTP 200
❌ [로그인] page.waitForSelector: Timeout 15000ms exceeded.
Call log:
  - waiting for locator('input[type="password"]') to be hidden
    33 × locator resolved to visible <input required="" type="password" value="temp1234!" placeholder="비밀번호" class="w-full bg-gray-800 border border-gray-700 rounded-xl px-4 py-3 text-white placeholder-gray-500 text-sm focus:outline-none focus:border-blue-500 focus:ring-1 focus:ring-blue-500 transition-colors"/>

📸 스크린샷: /home/paks11299958/ai_mp/site_status.png
📧 이메일 발송 → paks11299958@gmail.com
◇ injected env (28) from shared-api/.env // tip: ⌘ custom filepath { path: '/custom/path/.env' }
✅ [사이트] https://aichat.dbzone.kr — HTTP 200
❌ [로그인] page.waitForSelector: Timeout 15000ms exceeded.
Call log:
  - waiting for locator('input[type="password"]') to be hidden
    33 × locator resolved to visible <input required="" type="password" value="temp1234!" placeholder="비밀번호" class="w-full bg-gray-800 border border-gray-700 rounded-xl px-4 py-3 text-white placeholder-gray-500 text-sm focus:outline-none focus:border-blue-500 focus:ring-1 focus:ring-blue-500 transition-colors"/>

📸 스크린샷: /home/paks11299958/ai_mp/site_status.png
📧 이메일 발송 → paks11299958@gmail.com
◇ injected env (28) from shared-api/.env // tip: ⌘ custom filepath { path: '/custom/path/.env' }
✅ [사이트] https://aichat.dbzone.kr — HTTP 200
❌ [로그인] page.waitForSelector: Timeout 15000ms exceeded.
Call log:
  - waiting for locator('input[type="password"]') to be hidden
    33 × locator resolved to visible <input required="" type="password" value="temp1234!" placeholder="비밀번호" class="w-full bg-gray-800 border border-gray-700 rounded-xl px-4 py-3 text-white placeholder-gray-500 text-sm focus:outline-none focus:border-blue-500 focus:ring-1 focus:ring-blue-500 transition-colors"/>

📸 스크린샷: /home/paks11299958/ai_mp/site_status.png
📧 이메일 발송 → paks11299958@gmail.com
◇ injected env (28) from shared-api/.env // tip: ◈ secrets for agents [www.dotenvx.com]
✅ [사이트] https://aichat.dbzone.kr — HTTP 200
❌ [로그인] page.waitForSelector: Timeout 15000ms exceeded.
Call log:
  - waiting for locator('input[type="password"]') to be hidden
    33 × locator resolved to visible <input required="" type="password" value="temp1234!" placeholder="비밀번호" class="w-full bg-gray-800 border border-gray-700 rounded-xl px-4 py-3 text-white placeholder-gray-500 text-sm focus:outline-none focus:border-blue-500 focus:ring-1 focus:ring-blue-500 transition-colors"/>

📸 스크린샷: /home/paks11299958/ai_mp/site_status.png
📧 이메일 발송 → paks11299958@gmail.com
◇ injected env (28) from shared-api/.env // tip: ◈ secrets for agents [www.dotenvx.com]
✅ [사이트] https://aichat.dbzone.kr — HTTP 200
❌ [로그인] page.waitForSelector: Timeout 15000ms exceeded.
Call log:
  - waiting for locator('input[type="password"]') to be hidden
    33 × locator resolved to visible <input required="" type="password" value="temp1234!" placeholder="비밀번호" class="w-full bg-gray-800 border border-gray-700 rounded-xl px-4 py-3 text-white placeholder-gray-500 text-sm focus:outline-none focus:border-blue-500 focus:ring-1 focus:ring-blue-500 transition-colors"/>

📸 스크린샷: /home/paks11299958/ai_mp/site_status.png
📧 이메일 발송 → paks11299958@gmail.com
◇ injected env (28) from shared-api/.env // tip: ⌘ enable debugging { debug: true }
✅ [사이트] https://aichat.dbzone.kr — HTTP 200
❌ [로그인] page.waitForSelector: Timeout 15000ms exceeded.
Call log:
  - waiting for locator('input[type="password"]') to be hidden
    33 × locator resolved to visible <input required="" type="password" value="temp1234!" placeholder="비밀번호" class="w-full bg-gray-800 border border-gray-700 rounded-xl px-4 py-3 text-white placeholder-gray-500 text-sm focus:outline-none focus:border-blue-500 focus:ring-1 focus:ring-blue-500 transition-colors"/>

📸 스크린샷: /home/paks11299958/ai_mp/site_status.png
📧 이메일 발송 → paks11299958@gmail.com
◇ injected env (28) from shared-api/.env // tip: ◈ encrypted .env [www.dotenvx.com]
✅ [사이트] https://aichat.dbzone.kr — HTTP 200
❌ [로그인] page.waitForSelector: Timeout 15000ms exceeded.
Call log:
  - waiting for locator('input[type="password"]') to be hidden
    33 × locator resolved to visible <input required="" type="password" value="temp1234!" placeholder="비밀번호" class="w-full bg-gray-800 border border-gray-700 rounded-xl px-4 py-3 text-white placeholder-gray-500 text-sm focus:outline-none focus:border-blue-500 focus:ring-1 focus:ring-blue-500 transition-colors"/>

📸 스크린샷: /home/paks11299958/ai_mp/site_status.png
📧 이메일 발송 → paks11299958@gmail.com
◇ injected env (28) from shared-api/.env // tip: ⌘ enable debugging { debug: true }
✅ [사이트] https://aichat.dbzone.kr — HTTP 200
❌ [로그인] page.waitForSelector: Timeout 15000ms exceeded.
Call log:
  - waiting for locator('input[type="password"]') to be hidden
    32 × locator resolved to visible <input required="" type="password" value="temp1234!" placeholder="비밀번호" class="w-full bg-gray-800 border border-gray-700 rounded-xl px-4 py-3 text-white placeholder-gray-500 text-sm focus:outline-none focus:border-blue-500 focus:ring-1 focus:ring-blue-500 transition-colors"/>

📸 스크린샷: /home/paks11299958/ai_mp/site_status.png
📧 이메일 발송 → paks11299958@gmail.com
◇ injected env (28) from shared-api/.env // tip: ⌘ enable debugging { debug: true }
✅ [사이트] https://aichat.dbzone.kr — HTTP 200
❌ [로그인] page.waitForSelector: Timeout 15000ms exceeded.
Call log:
  - waiting for locator('input[type="password"]') to be hidden
    33 × locator resolved to visible <input required="" type="password" value="temp1234!" placeholder="비밀번호" class="w-full bg-gray-800 border border-gray-700 rounded-xl px-4 py-3 text-white placeholder-gray-500 text-sm focus:outline-none focus:border-blue-500 focus:ring-1 focus:ring-blue-500 transition-colors"/>

📸 스크린샷: /home/paks11299958/ai_mp/site_status.png
📧 이메일 발송 → paks11299958@gmail.com
◇ injected env (28) from shared-api/.env // tip: ◈ secrets for agents [www.dotenvx.com]
✅ [사이트] https://aichat.dbzone.kr — HTTP 200
❌ [로그인] page.waitForSelector: Timeout 15000ms exceeded.
Call log:
  - waiting for locator('input[type="password"]') to be hidden
    33 × locator resolved to visible <input required="" type="password" value="temp1234!" placeholder="비밀번호" class="w-full bg-gray-800 border border-gray-700 rounded-xl px-4 py-3 text-white placeholder-gray-500 text-sm focus:outline-none focus:border-blue-500 focus:ring-1 focus:ring-blue-500 transition-colors"/>

📸 스크린샷: /home/paks11299958/ai_mp/site_status.png
📧 이메일 발송 → paks11299958@gmail.com
◇ injected env (28) from shared-api/.env // tip: ⌘ override existing { override: true }
✅ [사이트] https://aichat.dbzone.kr — HTTP 200
❌ [로그인] page.waitForSelector: Timeout 15000ms exceeded.
Call log:
  - waiting for locator('input[type="password"]') to be hidden
    33 × locator resolved to visible <input required="" type="password" value="temp1234!" placeholder="비밀번호" class="w-full bg-gray-800 border border-gray-700 rounded-xl px-4 py-3 text-white placeholder-gray-500 text-sm focus:outline-none focus:border-blue-500 focus:ring-1 focus:ring-blue-500 transition-colors"/>

📸 스크린샷: /home/paks11299958/ai_mp/site_status.png
📧 이메일 발송 → paks11299958@gmail.com
◇ injected env (28) from shared-api/.env // tip: ◈ secrets for agents [www.dotenvx.com]
✅ [사이트] https://aichat.dbzone.kr — HTTP 200
❌ [로그인] page.waitForSelector: Timeout 15000ms exceeded.
Call log:
  - waiting for locator('input[type="password"]') to be hidden
    33 × locator resolved to visible <input required="" type="password" value="temp1234!" placeholder="비밀번호" class="w-full bg-gray-800 border border-gray-700 rounded-xl px-4 py-3 text-white placeholder-gray-500 text-sm focus:outline-none focus:border-blue-500 focus:ring-1 focus:ring-blue-500 transition-colors"/>

📸 스크린샷: /home/paks11299958/ai_mp/site_status.png
📧 이메일 발송 → paks11299958@gmail.com
◇ injected env (28) from shared-api/.env // tip: ◈ secrets for agents [www.dotenvx.com]
✅ [사이트] https://aichat.dbzone.kr — HTTP 200
✅ [로그인] 성공 — 페르소나 목록 확인
📸 스크린샷: /home/paks11299958/ai_mp/site_status.png
📧 이메일 발송 → paks11299958@gmail.com
◇ injected env (28) from shared-api/.env // tip: ⌘ custom filepath { path: '/custom/path/.env' }
✅ [사이트] https://aichat.dbzone.kr — HTTP 200
✅ [로그인] 성공 — 페르소나 목록 확인
📸 스크린샷: /home/paks11299958/ai_mp/site_status.png
📧 이메일 발송 → paks11299958@gmail.com
◇ injected env (28) from shared-api/.env // tip: ◈ encrypted .env [www.dotenvx.com]
✅ [사이트] https://aichat.dbzone.kr — HTTP 200
✅ [로그인] 성공 — 페르소나 목록 확인
📸 스크린샷: /home/paks11299958/ai_mp/site_status.png
📧 이메일 발송 → paks11299958@gmail.com
◇ injected env (28) from shared-api/.env // tip: ◈ encrypted .env [www.dotenvx.com]
✅ [사이트] https://aichat.dbzone.kr — HTTP 200
✅ [로그인] 성공 — 페르소나 목록 확인
📸 스크린샷: /home/paks11299958/ai_mp/site_status.png
📧 이메일 발송 → paks11299958@gmail.com
◇ injected env (28) from shared-api/.env // tip: ⌘ multiple files { path: ['.env.local', '.env'] }
✅ [사이트] https://aichat.dbzone.kr — HTTP 200
✅ [로그인] 성공 — 페르소나 목록 확인
📸 스크린샷: /home/paks11299958/ai_mp/site_status.png
📧 이메일 발송 → paks11299958@gmail.com
◇ injected env (28) from shared-api/.env // tip: ⌘ enable debugging { debug: true }
✅ [사이트] https://aichat.dbzone.kr — HTTP 200
✅ [로그인] 성공 — 페르소나 목록 확인
📸 스크린샷: /home/paks11299958/ai_mp/site_status.png
📧 이메일 발송 → paks11299958@gmail.com
